// Jest Snapshot v1, https://goo.gl/fbAQLP

exports[`should take a snapshot 1`] = `
<DocumentFragment>
  <header>
    <ul>
      <li>
        <a
          href="/"
        >
          Home
        </a>
      </li>
      <li>
        <a
          href="/allCharacters"
        >
          All Characters
        </a>
      </li>
      <li>
        <a
          href="/allLocations"
        >
          All Locations
        </a>
      </li>
    </ul>
  </header>
  <div
    id="home"
  >
    <img
      id="logo"
      src="logo.png"
    />
    <div
      class="content"
    >
      <a
        href="/allCharacters"
      >
        <button>
          Characters
        </button>
      </a>
      <a
        href="/allLocations"
      >
        <button>
          Locations
        </button>
      </a>
      <h2>
        Description
      </h2>
      <p>
        This characteropedia is based on the television show Rick and Morty. You will have access to hundreds of characters, images and locations. This characteropedia is filled with canonical information as seen in the TV show. Rick and Morty is created by Justin Roiland and Dan Harmon for Adult Swim. The data and images are used without claim of ownership and belong to their respective owners.
        <br />
        <br />
        This API we used is open source and uses a BSD license.
      </p>
    </div>
  </div>
</DocumentFragment>
`;
